// Vitest Snapshot v1, https://vitest.dev/guide/snapshot.html

exports[`nation gold per minute > world map, impossible nations, 20 minutes 1`] = `
{
  "aliveNations": 61,
  "perMinute": [
    {
      "cities": 0,
      "factories": 0,
      "minute": 1,
      "ports": 0,
      "shipsArrived": 0,
      "tradeGold": 0,
      "tradeShipsAtSea": 0,
      "trainGold": 0,
      "trainStops": 0,
      "trainsRunning": 0,
    },
    {
      "cities": 0,
      "factories": 0,
      "minute": 2,
      "ports": 0,
      "shipsArrived": 0,
      "tradeGold": 0,
      "tradeShipsAtSea": 0,
      "trainGold": 0,
      "trainStops": 0,
      "trainsRunning": 0,
    },
    {
      "cities": 61,
      "factories": 0,
      "minute": 3,
      "ports": 0,
      "shipsArrived": 0,
      "tradeGold": 0,
      "tradeShipsAtSea": 0,
      "trainGold": 0,
      "trainStops": 0,
      "trainsRunning": 0,
    },
    {
      "cities": 61,
      "factories": 0,
      "minute": 4,
      "ports": 0,
      "shipsArrived": 0,
      "tradeGold": 0,
      "tradeShipsAtSea": 0,
      "trainGold": 0,
      "trainStops": 0,
      "trainsRunning": 0,
    },
    {
      "cities": 61,
      "factories": 0,
      "minute": 5,
      "ports": 0,
      "shipsArrived": 0,
      "tradeGold": 0,
      "tradeShipsAtSea": 0,
      "trainGold": 0,
      "trainStops": 0,
      "trainsRunning": 0,
    },
    {
      "cities": 61,
      "factories": 0,
      "minute": 6,
      "ports": 0,
      "shipsArrived": 0,
      "tradeGold": 0,
      "tradeShipsAtSea": 0,
      "trainGold": 0,
      "trainStops": 0,
      "trainsRunning": 0,
    },
    {
      "cities": 61,
      "factories": 0,
      "minute": 7,
      "ports": 0,
      "shipsArrived": 0,
      "tradeGold": 0,
      "tradeShipsAtSea": 0,
      "trainGold": 0,
      "trainStops": 0,
      "trainsRunning": 0,
    },
    {
      "cities": 61,
      "factories": 0,
      "minute": 8,
      "ports": 0,
      "shipsArrived": 0,
      "tradeGold": 0,
      "tradeShipsAtSea": 0,
      "trainGold": 0,
      "trainStops": 0,
      "trainsRunning": 0,
    },
    {
      "cities": 61,
      "factories": 0,
      "minute": 9,
      "ports": 0,
      "shipsArrived": 0,
      "tradeGold": 0,
      "tradeShipsAtSea": 0,
      "trainGold": 0,
      "trainStops": 0,
      "trainsRunning": 0,
    },
    {
      "cities": 61,
      "factories": 0,
      "minute": 10,
      "ports": 0,
      "shipsArrived": 0,
      "tradeGold": 0,
      "tradeShipsAtSea": 0,
      "trainGold": 0,
      "trainStops": 0,
      "trainsRunning": 0,
    },
    {
      "cities": 61,
      "factories": 0,
      "minute": 11,
      "ports": 0,
      "shipsArrived": 0,
      "tradeGold": 0,
      "tradeShipsAtSea": 0,
      "trainGold": 0,
      "trainStops": 0,
      "trainsRunning": 0,
    },
    {
      "cities": 98,
      "factories": 7,
      "minute": 12,
      "ports": 25,
      "shipsArrived": 4,
      "tradeGold": 67370,
      "tradeShipsAtSea": 67,
      "trainGold": 2280000,
      "trainStops": 54,
      "trainsRunning": 56,
    },
    {
      "cities": 98,
      "factories": 7,
      "minute": 13,
      "ports": 26,
      "shipsArrived": 59,
      "tradeGold": 8017000,
      "tradeShipsAtSea": 141,
      "trainGold": 4470000,
      "trainStops": 97,
      "trainsRunning": 35,
    },
    {
      "cities": 106,
      "factories": 8,
      "minute": 14,
      "ports": 32,
      "shipsArrived": 114,
      "tradeGold": 20520000,
      "tradeShipsAtSea": 169,
      "trainGold": 5450000,
      "trainStops": 111,
      "trainsRunning": 42,
    },
    {
      "cities": 119,
      "factories": 10,
      "minute": 15,
      "ports": 37,
      "shipsArrived": 138,
      "tradeGold": 24750000,
      "tradeShipsAtSea": 219,
      "trainGold": 8850000,
      "trainStops": 179,
      "trainsRunning": 126,
    },
    {
      "cities": 121,
      "factories": 11,
      "minute": 16,
      "ports": 38,
      "shipsArrived": 185,
      "tradeGold": 34220000,
      "tradeShipsAtSea": 244,
      "trainGold": 12110000,
      "trainStops": 258,
      "trainsRunning": 168,
    },
    {
      "cities": 122,
      "factories": 11,
      "minute": 17,
      "ports": 38,
      "shipsArrived": 206,
      "tradeGold": 38230000,
      "tradeShipsAtSea": 269,
      "trainGold": 14930000,
      "trainStops": 318,
      "trainsRunning": 161,
    },
    {
      "cities": 123,
      "factories": 11,
      "minute": 18,
      "ports": 38,
      "shipsArrived": 198,
      "tradeGold": 39370000,
      "tradeShipsAtSea": 304,
      "trainGold": 14520000,
      "trainStops": 307,
      "trainsRunning": 168,
    },
    {
      "cities": 124,
      "factories": 15,
      "minute": 19,
      "ports": 38,
      "shipsArrived": 232,
      "tradeGold": 45440000,
      "tradeShipsAtSea": 308,
      "trainGold": 15300000,
      "trainStops": 338,
      "trainsRunning": 196,
    },
    {
      "cities": 124,
      "factories": 20,
      "minute": 20,
      "ports": 39,
      "shipsArrived": 221,
      "tradeGold": 44910000,
      "tradeShipsAtSea": 337,
      "trainGold": 20540000,
      "trainStops": 455,
      "trainsRunning": 294,
    },
  ],
  "totals": {
    "shipsArrived": 1357,
    "tradeGold": 255500000,
    "trainGold": 98450000,
    "trainStops": 2117,
  },
}
`;
